
PRIDE@DESKTOP-430QMC7 MINGW64 ~/source/repos/5kursCryptoanalysis/5kursCryptoanalysis
$ cd ..

PRIDE@DESKTOP-430QMC7 MINGW64 ~/source/repos/5kursCryptoanalysis
$ cd ..

PRIDE@DESKTOP-430QMC7 MINGW64 ~/source/repos
$ git clone https://github.com/pride234/CryptoanalysisLab.git
Cloning into 'CryptoanalysisLab'...
fatal: protocol 'https' is not supported

PRIDE@DESKTOP-430QMC7 MINGW64 ~/source/repos
$ git clone git@github.com:pride234/CryptoanalysisLab.git
Cloning into 'CryptoanalysisLab'...
Warning: Permanently added the RSA host key for IP address '140.82.121.3' to the list of known hosts.
warning: You appear to have cloned an empty repository.

PRIDE@DESKTOP-430QMC7 MINGW64 ~/source/repos
$ cd CryptoanalysisLab/

PRIDE@DESKTOP-430QMC7 MINGW64 ~/source/repos/CryptoanalysisLab (master)
$ git status
On branch master

No commits yet

Untracked files:
  (use "git add <file>..." to include in what will be committed)
        CryptoanalysisLab1/

nothing added to commit but untracked files present (use "git add" to track)

PRIDE@DESKTOP-430QMC7 MINGW64 ~/source/repos/CryptoanalysisLab (master)
$ git add .
error: open("CryptoanalysisLab1/.vs/CryptoanalysisLab1/v16/Server/sqlite3/db.lock"): Permission denied
error: unable to index file 'CryptoanalysisLab1/.vs/CryptoanalysisLab1/v16/Server/sqlite3/db.lock'
fatal: adding files failed

PRIDE@DESKTOP-430QMC7 MINGW64 ~/source/repos/CryptoanalysisLab (master)
$ git add CryptoanalysisLab1/
error: open("CryptoanalysisLab1/.vs/CryptoanalysisLab1/v16/Server/sqlite3/db.lock"): Permission denied
error: unable to index file 'CryptoanalysisLab1/.vs/CryptoanalysisLab1/v16/Server/sqlite3/db.lock'
fatal: adding files failed

PRIDE@DESKTOP-430QMC7 MINGW64 ~/source/repos/CryptoanalysisLab (master)
$ git add .

PRIDE@DESKTOP-430QMC7 MINGW64 ~/source/repos/CryptoanalysisLab (master)
$ git status
On branch master

No commits yet

Changes to be committed:
  (use "git rm --cached <file>..." to unstage)
        new file:   CryptoanalysisLab1/.vs/CryptoanalysisLab1/v16/.suo
        new file:   CryptoanalysisLab1/.vs/CryptoanalysisLab1/v16/Server/sqlite3/db.lock
        new file:   CryptoanalysisLab1/.vs/CryptoanalysisLab1/v16/Server/sqlite3/storage.ide
        new file:   CryptoanalysisLab1/CryptoanalysisLab1.sln
        new file:   CryptoanalysisLab1/CryptoanalysisLab1/App.config
        new file:   CryptoanalysisLab1/CryptoanalysisLab1/CryptoanalysisLab1.csproj
        new file:   CryptoanalysisLab1/CryptoanalysisLab1/Program.cs
        new file:   CryptoanalysisLab1/CryptoanalysisLab1/Properties/AssemblyInfo.cs
        new file:   CryptoanalysisLab1/CryptoanalysisLab1/obj/Debug/CryptoanalysisLab1.csprojAssemblyReference.cache
        new file:   CryptoanalysisLab1/CryptoanalysisLab1/obj/Debug/DesignTimeResolveAssemblyReferencesInput.cache


PRIDE@DESKTOP-430QMC7 MINGW64 ~/source/repos/CryptoanalysisLab (master)
$ git commit -m "first commit, lab1 is created"
[master (root-commit) 94c605a] first commit, lab1 is created
 10 files changed, 132 insertions(+)
 create mode 100644 CryptoanalysisLab1/.vs/CryptoanalysisLab1/v16/.suo
 create mode 100644 CryptoanalysisLab1/.vs/CryptoanalysisLab1/v16/Server/sqlite3/db.lock
 create mode 100644 CryptoanalysisLab1/.vs/CryptoanalysisLab1/v16/Server/sqlite3/storage.ide
 create mode 100644 CryptoanalysisLab1/CryptoanalysisLab1.sln
 create mode 100644 CryptoanalysisLab1/CryptoanalysisLab1/App.config
 create mode 100644 CryptoanalysisLab1/CryptoanalysisLab1/CryptoanalysisLab1.csproj
 create mode 100644 CryptoanalysisLab1/CryptoanalysisLab1/Program.cs
 create mode 100644 CryptoanalysisLab1/CryptoanalysisLab1/Properties/AssemblyInfo.cs
 create mode 100644 CryptoanalysisLab1/CryptoanalysisLab1/obj/Debug/CryptoanalysisLab1.csprojAssemblyReference.cache
 create mode 100644 CryptoanalysisLab1/CryptoanalysisLab1/obj/Debug/DesignTimeResolveAssemblyReferencesInput.cache

PRIDE@DESKTOP-430QMC7 MINGW64 ~/source/repos/CryptoanalysisLab (master)
$ git remote -v
origin  git@github.com:pride234/CryptoanalysisLab.git (fetch)
origin  git@github.com:pride234/CryptoanalysisLab.git (push)

PRIDE@DESKTOP-430QMC7 MINGW64 ~/source/repos/CryptoanalysisLab (master)
$ git push origin master
Enumerating objects: 22, done.
Counting objects: 100% (22/22), done.
Delta compression using up to 12 threads
Compressing objects: 100% (15/15), done.
Writing objects: 100% (22/22), 132.07 KiB | 1.65 MiB/s, done.
Total 22 (delta 0), reused 0 (delta 0)
To github.com:pride234/CryptoanalysisLab.git
 * [new branch]      master -> master

